ASxxxx Linker V03.00 + NoICE + sdld,  page 1.
Hexadecimal  [32-Bits]

Area                                    Addr        Size        Decimal Bytes (Attributes)
--------------------------------        ----        ----        ------- ----- ------------
.  .ABS.                            00000000    00000000 =           0. bytes (ABS,CON)

      Value  Global                              Global Defined In Module
      -----  --------------------------------   ------------------------
     00000000  .__.ABS.                           SetTileMap
     00000000  _rRAMG                             
     00000000  l__BASE                         
     00000000  l__BSS                          
     00000000  l__CABS                         
     00000000  l__CODE_0                       
     00000000  l__DABS                         
     00000000  l__HEADER                       
     00000000  l__HEAP                         
     00000000  l__HEAP_END                     
     00000000  l__HRAM                         
     00000000  l__LIT                          
     00000000  s__CABS                         
     00000000  s__DABS                         
     00000000  s__HEADER                       
     00000000  s__HEADER0                      
     00000000  s__HEADER1                      
     00000000  s__HEADER10                     
     00000000  s__HEADER11                     
     00000000  s__HEADER2                      
     00000000  s__HEADER3                      
     00000000  s__HEADER4                      
     00000000  s__HEADER5                      
     00000000  s__HEADER6                      
     00000000  s__HEADER7                      
     00000000  s__HEADER8                      
     00000000  s__HEADER9                      
     00000000  s__HEADERa                      
     00000000  s__HEADERb                      
     00000000  s__HEADERc                      
     00000000  s__HEADERd                      
     00000000  s__HEADERe                      
     00000000  s__HEADERf                      
     00000000  s__HRAM                         
     00000000  s__HRAM12                       
     00000001  l__GSFINAL                      
     00000001  l__HEADER0                      
     00000001  l__HEADER11                     
     00000001  l__HEADER9                      
     00000001  l__HEADERa                      
     00000001  l__HEADERb                      
     00000001  l__HEADERd                      
     00000001  l__HEADERe                      
     00000002  l__HEADER5                      
     00000002  l__HEADERc                      
     00000002  l__HEADERf                      
     00000003  l__HEADER8                      
     00000003  l__HRAM12                       
     00000005  l__HEADER1                      
     00000006  l__HEADER7                      
ASxxxx Linker V03.00 + NoICE + sdld,  page 2.
Hexadecimal  [32-Bits]

Area                                    Addr        Size        Decimal Bytes (Attributes)
--------------------------------        ----        ----        ------- ----- ------------
.  .ABS.                            00000000    00000000 =           0. bytes (ABS,CON)

      Value  Global                              Global Defined In Module
      -----  --------------------------------   ------------------------
     00000007  l__HEADER2                      
     00000008  l__HEADER3                      
     0000000C  l__GSINIT                       
     00000030  l__HEADER6                      
     0000004C  l__HEADER4                      
     00000084  l__HEADER10                     
     000000C1  l__DATA                         
     00000200  s__CODE                         
     000003F7  l__HOME                         
     000004C2  l__INITIALIZED                  
     000004C2  l__INITIALIZER                  
     00001063  l__CODE                         
     00001263  s__HOME                         
     0000165A  s__BASE                         
     0000165A  s__CODE_0                       
     0000165A  s__INITIALIZER                  
     0000165A  s__LIT                          
     00001B1C  s__GSINIT                       
     00001B28  s__GSFINAL                      
     00002000  _rROMB0                            
     00003000  _rROMB1                            
     00004000  _rRAMB                             
     00008000  __VRAM                             
     00008000  __VRAM8000                         
     00008800  __VRAM8800                         
     00009000  __VRAM9000                         
     00009800  __SCRN0                            
     00009C00  __SCRN1                            
     0000A000  __SRAM                             
     0000C000  __RAM                              
     0000C000  _shadow_OAM                     
     0000C0A0  s__DATA                         
     0000C161  s__BSS                          
     0000C161  s__INITIALIZED                  
     0000C623  s__HEAP                         
     0000C623  s__HEAP_END                     
     0000D000  __RAMBANK                          
     0000E000  .STACK                          
     0000FE00  __OAMRAM                           
     0000FF00  _P1_REG                            
     0000FF00  __IO                               
     0000FF01  _SB_REG                            
     0000FF02  _SC_REG                            
     0000FF04  _DIV_REG                           
     0000FF05  _TIMA_REG                          
     0000FF06  _TMA_REG                           
     0000FF07  _TAC_REG                           
     0000FF0F  _IF_REG                            
     0000FF10  _NR10_REG                          
     0000FF11  _NR11_REG                          
     0000FF12  _NR12_REG                          
ASxxxx Linker V03.00 + NoICE + sdld,  page 3.
Hexadecimal  [32-Bits]

Area                                    Addr        Size        Decimal Bytes (Attributes)
--------------------------------        ----        ----        ------- ----- ------------
.  .ABS.                            00000000    00000000 =           0. bytes (ABS,CON)

      Value  Global                              Global Defined In Module
      -----  --------------------------------   ------------------------
     0000FF13  _NR13_REG                          
     0000FF14  _NR14_REG                          
     0000FF16  _NR21_REG                          
     0000FF17  _NR22_REG                          
     0000FF18  _NR23_REG                          
     0000FF19  _NR24_REG                          
     0000FF1A  _NR30_REG                          
     0000FF1B  _NR31_REG                          
     0000FF1C  _NR32_REG                          
     0000FF1D  _NR33_REG                          
     0000FF1E  _NR34_REG                          
     0000FF20  _NR41_REG                          
     0000FF21  _NR42_REG                          
     0000FF22  _NR43_REG                          
     0000FF23  _NR44_REG                          
     0000FF24  _NR50_REG                          
     0000FF25  _NR51_REG                          
     0000FF26  _NR52_REG                          
     0000FF30  _AUD3WAVE                          
     0000FF30  _PCM_SAMPLE                        
     0000FF30  __AUD3WAVERAM                      
     0000FF40  _LCDC_REG                          
     0000FF41  _STAT_REG                          
     0000FF42  _SCY_REG                           
     0000FF43  _SCX_REG                           
     0000FF44  _LY_REG                            
     0000FF45  _LYC_REG                           
     0000FF46  _DMA_REG                           
     0000FF47  _BGP_REG                           
     0000FF48  _OBP0_REG                          
     0000FF49  _OBP1_REG                          
     0000FF4A  _WY_REG                            
     0000FF4B  _WX_REG                            
     0000FF4D  _KEY1_REG                          
     0000FF4F  _VBK_REG                           
     0000FF51  _HDMA1_REG                         
     0000FF52  _HDMA2_REG                         
     0000FF53  _HDMA3_REG                         
     0000FF54  _HDMA4_REG                         
     0000FF55  _HDMA5_REG                         
     0000FF56  _RP_REG                            
     0000FF68  _BCPS_REG                          
     0000FF69  _BCPD_REG                          
     0000FF6A  _OCPS_REG                          
     0000FF6B  _OCPD_REG                          
     0000FF70  _SVBK_REG                          
     0000FF76  _PCM12_REG                         
     0000FF77  _PCM34_REG                         
     0000FF80  .refresh_OAM                    
     0000FF80  __HRAM                             
     0000FFFF  _IE_REG                            

ASxxxx Linker V03.00 + NoICE + sdld,  page 4.
Hexadecimal  [32-Bits]

Area                                    Addr        Size        Decimal Bytes (Attributes)
--------------------------------        ----        ----        ------- ----- ------------
_CODE                               00000200    00001063 =        4195. bytes (REL,CON)

      Value  Global                              Global Defined In Module
      -----  --------------------------------   ------------------------
     00000200  A$lcc74000$88                      main
     00000200  C$fixed.c$61$0_0$121               main
     00000200  G$sqrt$0$0                         main
     00000200  _sqrt                              main
     00000202  A$lcc74000$90                      main
     00000203  A$lcc74000$91                      main
     00000204  A$lcc74000$92                      main
     00000205  A$lcc74000$93                      main
     00000206  A$lcc74000$94                      main
     00000207  A$lcc74000$95                      main
     00000208  A$lcc74000$96                      main
     0000020A  A$lcc74000$97                      main
     0000020B  A$lcc74000$98                      main
     0000020C  A$lcc74000$99                      main
     0000020D  A$lcc74000$100                     main
     0000020F  A$lcc74000$101                     main
     00000210  A$lcc74000$102                     main
     00000211  A$lcc74000$103                     main
     00000214  A$lcc74000$104                     main
     00000215  A$lcc74000$105                     main
     00000217  A$lcc74000$106                     main
     00000218  A$lcc74000$107                     main
     0000021A  A$lcc74000$108                     main
     0000021B  A$lcc74000$109                     main
     0000021C  A$lcc74000$110                     main
     0000021D  A$lcc74000$111                     main
     0000021E  A$lcc74000$112                     main
     0000021F  A$lcc74000$113                     main
     00000220  A$lcc74000$114                     main
     00000221  A$lcc74000$115                     main
     00000224  A$lcc74000$116                     main
     00000226  A$lcc74000$117                     main
     00000227  A$lcc74000$118                     main
     00000228  A$lcc74000$119                     main
     00000229  A$lcc74000$127                     main
     00000229  C$fixed.c$25$1_0$121               main
     00000229  C$fixed.c$69$1_0$121               main
     0000022B  A$lcc74000$128                     main
     0000022C  A$lcc74000$129                     main
     0000022D  A$lcc74000$130                     main
     0000022E  A$lcc74000$131                     main
     0000022F  A$lcc74000$132                     main
     00000230  A$lcc74000$133                     main
     00000231  A$lcc74000$134                     main
     00000232  A$lcc74000$135                     main
     00000233  A$lcc74000$136                     main
     00000234  A$lcc74000$137                     main
     00000235  A$lcc74000$138                     main
     00000237  A$lcc74000$139                     main
     00000238  A$lcc74000$140                     main
ASxxxx Linker V03.00 + NoICE + sdld,  page 5.
Hexadecimal  [32-Bits]

Area                                    Addr        Size        Decimal Bytes (Attributes)
--------------------------------        ----        ----        ------- ----- ------------
_CODE                               00000200    00001063 =        4195. bytes (REL,CON)

      Value  Global                              Global Defined In Module
      -----  --------------------------------   ------------------------
     00000239  A$lcc74000$141                     main
     0000023A  A$lcc74000$142                     main
     0000023B  A$lcc74000$143                     main
     0000023C  A$lcc74000$144                     main
     0000023D  A$lcc74000$145                     main
     0000023E  A$lcc74000$146                     main
     00000241  A$lcc74000$147                     main
     00000243  A$lcc74000$148                     main
     00000244  A$lcc74000$149                     main
     00000245  A$lcc74000$150                     main
     00000246  A$lcc74000$151                     main
     00000247  A$lcc74000$152                     main
     00000248  A$lcc74000$153                     main
     00000249  A$lcc74000$154                     main
     0000024A  A$lcc74000$156                     main
     0000024C  A$lcc74000$157                     main
     0000024D  A$lcc74000$158                     main
     0000024E  A$lcc74000$159                     main
     0000024F  A$lcc74000$160                     main
     00000250  A$lcc74000$161                     main
     00000251  A$lcc74000$162                     main
     00000252  A$lcc74000$163                     main
     00000253  A$lcc74000$164                     main
     00000254  A$lcc74000$165                     main
     00000255  A$lcc74000$166                     main
     00000256  A$lcc74000$170                     main
     00000257  A$lcc74000$173                     main
     00000259  A$lcc74000$175                     main
     0000025B  A$lcc74000$177                     main
     0000025C  A$lcc74000$178                     main
     0000025D  A$lcc74000$179                     main
     0000025E  A$lcc74000$180                     main
     0000025F  A$lcc74000$181                     main
     00000260  A$lcc74000$182                     main
     00000261  A$lcc74000$185                     main
     00000262  A$lcc74000$186                     main
     00000263  A$lcc74000$187                     main
     00000264  A$lcc74000$188                     main
     00000265  A$lcc74000$189                     main
     00000266  A$lcc74000$190                     main
     00000268  A$lcc74000$191                     main
     0000026A  A$lcc74000$192                     main
     0000026C  A$lcc74000$193                     main
     0000026E  A$lcc74000$194                     main
     0000026F  A$lcc74000$195                     main
     00000271  A$lcc74000$197                     main
     00000273  A$lcc74000$198                     main
     00000275  A$lcc74000$199                     main
     00000276  A$lcc74000$201                     main
     00000278  A$lcc74000$203                     main
     0000027A  A$lcc74000$204                     main
ASxxxx Linker V03.00 + NoICE + sdld,  page 6.
Hexadecimal  [32-Bits]

Area                                    Addr        Size        Decimal Bytes (Attributes)
--------------------------------        ----        ----        ------- ----- ------------
_CODE                               00000200    00001063 =        4195. bytes (REL,CON)

      Value  Global                              Global Defined In Module
      -----  --------------------------------   ------------------------
     0000027B  A$lcc74000$205                     main
     0000027C  A$lcc74000$206                     main
     0000027D  A$lcc74000$207                     main
     0000027F  A$lcc74000$208                     main
     00000280  A$lcc74000$209                     main
     00000281  A$lcc74000$211                     main
     00000282  A$lcc74000$212                     main
     00000283  A$lcc74000$213                     main
     00000284  A$lcc74000$214                     main
     00000285  A$lcc74000$215                     main
     00000287  A$lcc74000$216                     main
     00000288  A$lcc74000$217                     main
     00000289  A$lcc74000$218                     main
     0000028A  A$lcc74000$219                     main
     0000028B  A$lcc74000$220                     main
     0000028C  A$lcc74000$221                     main
     0000028D  A$lcc74000$222                     main
     0000028F  A$lcc74000$223                     main
     00000290  A$lcc74000$224                     main
     00000291  A$lcc74000$225                     main
     00000292  A$lcc74000$226                     main
     00000294  A$lcc74000$228                     main
     00000295  A$lcc74000$229                     main
     00000296  A$lcc74000$230                     main
     00000297  A$lcc74000$231                     main
     00000298  A$lcc74000$232                     main
     0000029A  A$lcc74000$233                     main
     0000029B  A$lcc74000$234                     main
     0000029C  A$lcc74000$235                     main
     0000029D  A$lcc74000$236                     main
     0000029E  A$lcc74000$237                     main
     0000029F  A$lcc74000$238                     main
     000002A0  A$lcc74000$239                     main
     000002A1  A$lcc74000$240                     main
     000002A3  A$lcc74000$242                     main
     000002A5  A$lcc74000$243                     main
     000002A7  A$lcc74000$244                     main
     000002A8  A$lcc74000$245                     main
     000002AA  A$lcc74000$246                     main
     000002AB  A$lcc74000$247                     main
     000002AD  A$lcc74000$248                     main
     000002AE  A$lcc74000$249                     main
     000002B0  A$lcc74000$250                     main
     000002B1  A$lcc74000$251                     main
     000002B3  A$lcc74000$252                     main
     000002B6  A$lcc74000$253                     main
     000002B7  A$lcc74000$254                     main
     000002B9  A$lcc74000$255                     main
     000002BA  A$lcc74000$256                     main
     000002BC  A$lcc74000$257                     main
     000002BD  A$lcc74000$258                     main
ASxxxx Linker V03.00 + NoICE + sdld,  page 7.
Hexadecimal  [32-Bits]

Area                                    Addr        Size        Decimal Bytes (Attributes)
--------------------------------        ----        ----        ------- ----- ------------
_CODE                               00000200    00001063 =        4195. bytes (REL,CON)

      Value  Global                              Global Defined In Module
      -----  --------------------------------   ------------------------
     000002BE  A$lcc74000$259                     main
     000002BF  A$lcc74000$260                     main
     000002C0  A$lcc74000$261                     main
     000002C1  A$lcc74000$262                     main
     000002C2  A$lcc74000$263                     main
     000002C3  A$lcc74000$264                     main
     000002C6  A$lcc74000$265                     main
     000002C8  A$lcc74000$266                     main
     000002C9  A$lcc74000$267                     main
     000002CA  A$lcc74000$268                     main
     000002CB  A$lcc74000$269                     main
     000002CC  A$lcc74000$270                     main
     000002CD  A$lcc74000$271                     main
     000002CE  A$lcc74000$272                     main
     000002CF  A$lcc74000$273                     main
     000002D1  A$lcc74000$274                     main
     000002D2  A$lcc74000$275                     main
     000002D3  A$lcc74000$276                     main
     000002D4  A$lcc74000$277                     main
     000002D6  A$lcc74000$278                     main
     000002D7  A$lcc74000$279                     main
     000002D8  A$lcc74000$280                     main
     000002D9  A$lcc74000$284                     main
     000002D9  C$fixed.c$71$1_0$121               main
     000002DC  A$lcc74000$289                     main
     000002DC  C$fixed.c$75$1_0$121               main
     000002DE  A$lcc74000$290                     main
     000002DF  A$lcc74000$291                     main
     000002E0  A$lcc74000$292                     main
     000002E1  A$lcc74000$296                     main
     000002E3  A$lcc74000$301                     main
     000002E3  C$fixed.c$76$1_0$121               main
     000002E3  XG$sqrt$0$0                        main
     000002E4  A$lcc74000$311                     main
     000002E4  C$fixed.c$103$1_0$147              main
     000002E4  G$rotate$0$0                       main
     000002E4  _rotate                            main
     000002E6  A$lcc74000$312                     main
     000002E8  A$lcc74000$313                     main
     000002E9  A$lcc74000$314                     main
     000002EA  A$lcc74000$315                     main
     000002EB  A$lcc74000$316                     main
     000002ED  A$lcc74000$317                     main
     000002EE  A$lcc74000$318                     main
     000002EF  A$lcc74000$319                     main
     000002F0  A$lcc74000$323                     main
     000002F0  C$fixed.c$105$2_0$147              main
     000002F1  A$lcc74000$324                     main
     000002F3  A$lcc74000$325                     main
     000002F4  A$lcc74000$326                     main
     000002F5  A$lcc74000$330                     main
ASxxxx Linker V03.00 + NoICE + sdld,  page 8.
Hexadecimal  [32-Bits]

Area                                    Addr        Size        Decimal Bytes (Attributes)
--------------------------------        ----        ----        ------- ----- ------------
_CODE                               00000200    00001063 =        4195. bytes (REL,CON)

      Value  Global                              Global Defined In Module
      -----  --------------------------------   ------------------------
     000002F5  C$fixed.c$108$3_0$149              main
     000002F7  A$lcc74000$331                     main
     000002F8  A$lcc74000$332                     main
     000002FA  A$lcc74000$333                     main
     000002FB  A$lcc74000$334                     main
     000002FD  A$lcc74000$335                     main
     000002FE  A$lcc74000$336                     main
     00000300  A$lcc74000$337                     main
     00000301  A$lcc74000$338                     main
     00000303  A$lcc74000$339                     main
     00000305  A$lcc74000$344                     main
     00000305  C$fixed.c$117$3_0$147              main
     00000307  A$lcc74000$345                     main
     00000308  A$lcc74000$346                     main
     00000309  A$lcc74000$347                     main
     0000030A  A$lcc74000$348                     main
     0000030B  A$lcc74000$349                     main
     0000030D  A$lcc74000$350                     main
     0000030E  A$lcc74000$351                     main
     0000030F  A$lcc74000$352                     main
     00000310  A$lcc74000$353                     main
     00000311  A$lcc74000$357                     main
     00000313  A$lcc74000$358                     main
     00000314  A$lcc74000$359                     main
     00000316  A$lcc74000$360                     main
     00000318  A$lcc74000$361                     main
     0000031B  A$lcc74000$365                     main
     0000031B  C$fixed.c$110$3_0$149              main
     0000031C  A$lcc74000$366                     main
     0000031D  A$lcc74000$367                     main
     0000031E  A$lcc74000$368                     main
     0000031F  A$lcc74000$369                     main
     00000320  A$lcc74000$370                     main
     00000321  A$lcc74000$371                     main
     00000322  A$lcc74000$372                     main
     00000323  A$lcc74000$373                     main
     00000326  A$lcc74000$374                     main
     00000327  A$lcc74000$375                     main
     00000328  A$lcc74000$376                     main
     00000329  A$lcc74000$377                     main
     0000032A  A$lcc74000$378                     main
     0000032C  A$lcc74000$379                     main
     0000032D  A$lcc74000$380                     main
     0000032E  A$lcc74000$381                     main
     0000032F  A$lcc74000$382                     main
     00000330  A$lcc74000$384                     main
     00000332  A$lcc74000$385                     main
     00000333  A$lcc74000$386                     main
     00000334  A$lcc74000$387                     main
     00000335  A$lcc74000$388                     main
     00000336  A$lcc74000$389                     main
ASxxxx Linker V03.00 + NoICE + sdld,  page 9.
Hexadecimal  [32-Bits]

Area                                    Addr        Size        Decimal Bytes (Attributes)
--------------------------------        ----        ----        ------- ----- ------------
_CODE                               00000200    00001063 =        4195. bytes (REL,CON)

      Value  Global                              Global Defined In Module
      -----  --------------------------------   ------------------------
     00000337  A$lcc74000$390                     main
     00000338  A$lcc74000$391                     main
     00000339  A$lcc74000$392                     main
     0000033A  A$lcc74000$393                     main
     0000033B  A$lcc74000$394                     main
     0000033C  A$lcc74000$395                     main
     0000033D  A$lcc74000$396                     main
     0000033E  A$lcc74000$397                     main
     0000033F  A$lcc74000$398                     main
     00000340  A$lcc74000$399                     main
     00000341  A$lcc74000$400                     main
     00000342  A$lcc74000$401                     main
     00000343  A$lcc74000$402                     main
     00000345  A$lcc74000$403                     main
     00000347  A$lcc74000$404                     main
     00000349  A$lcc74000$405                     main
     0000034B  A$lcc74000$406                     main
     0000034C  A$lcc74000$407                     main
     0000034E  A$lcc74000$409                     main
     00000350  A$lcc74000$410                     main
     00000352  A$lcc74000$411                     main
     00000353  A$lcc74000$413                     main
     00000355  A$lcc74000$414                     main
     00000358  A$lcc74000$415                     main
     0000035A  A$lcc74000$417                     main
     0000035D  A$lcc74000$422                     main
     0000035D  C$fixed.c$117$3_0$149              main
     0000035F  A$lcc74000$423                     main
     00000360  A$lcc74000$424                     main
     00000361  A$lcc74000$425                     main
     00000362  A$lcc74000$426                     main
     00000363  A$lcc74000$427                     main
     00000365  A$lcc74000$428                     main
     00000366  A$lcc74000$429                     main
     00000367  A$lcc74000$430                     main
     00000368  A$lcc74000$431                     main
     00000369  A$lcc74000$432                     main
     0000036B  A$lcc74000$433                     main
     0000036C  A$lcc74000$434                     main
     0000036D  A$lcc74000$435                     main
     0000036F  A$lcc74000$436                     main
     00000370  A$lcc74000$437                     main
     00000371  A$lcc74000$438                     main
     00000372  A$lcc74000$439                     main
     00000373  A$lcc74000$440                     main
     00000374  A$lcc74000$441                     main
     00000376  A$lcc74000$443                     main
     00000378  A$lcc74000$444                     main
     0000037A  A$lcc74000$446                     main
     0000037B  A$lcc74000$447                     main
     0000037D  A$lcc74000$448                     main
ASxxxx Linker V03.00 + NoICE + sdld,  page 10.
Hexadecimal  [32-Bits]

Area                                    Addr        Size        Decimal Bytes (Attributes)
--------------------------------        ----        ----        ------- ----- ------------
_CODE                               00000200    00001063 =        4195. bytes (REL,CON)

      Value  Global                              Global Defined In Module
      -----  --------------------------------   ------------------------
     0000037F  A$lcc74000$449                     main
     00000380  A$lcc74000$450                     main
     00000381  A$lcc74000$451                     main
     00000382  A$lcc74000$452                     main
     00000383  A$lcc74000$453                     main
     00000384  A$lcc74000$454                     main
     00000385  A$lcc74000$455                     main
     00000386  A$lcc74000$456                     main
     00000387  A$lcc74000$457                     main
     00000388  A$lcc74000$458                     main
     0000038B  A$lcc74000$459                     main
     0000038D  A$lcc74000$460                     main
     0000038E  A$lcc74000$461                     main
     0000038F  A$lcc74000$462                     main
     00000390  A$lcc74000$463                     main
     00000391  A$lcc74000$464                     main
     00000392  A$lcc74000$465                     main
     00000393  A$lcc74000$466                     main
     00000394  A$lcc74000$467                     main
     00000395  A$lcc74000$468                     main
     00000396  A$lcc74000$469                     main
     00000398  A$lcc74000$470                     main
     00000399  A$lcc74000$471                     main
     0000039A  A$lcc74000$472                     main
     0000039B  A$lcc74000$476                     main
     0000039B  C$fixed.c$118$3_0$149              main
     0000039D  A$lcc74000$477                     main
     0000039E  A$lcc74000$478                     main
     0000039F  A$lcc74000$479                     main
     000003A1  A$lcc74000$480                     main
     000003A2  A$lcc74000$481                     main
     000003A3  A$lcc74000$482                     main
     000003A4  A$lcc74000$483                     main
     000003A5  A$lcc74000$484                     main
     000003A6  A$lcc74000$485                     main
     000003A8  A$lcc74000$487                     main
     000003AA  A$lcc74000$488                     main
     000003AC  A$lcc74000$490                     main
     000003AD  A$lcc74000$491                     main
     000003AF  A$lcc74000$492                     main
     000003B1  A$lcc74000$493                     main
     000003B2  A$lcc74000$494                     main
     000003B3  A$lcc74000$495                     main
     000003B4  A$lcc74000$496                     main
     000003B7  A$lcc74000$497                     main
     000003B9  A$lcc74000$498                     main
     000003BA  A$lcc74000$499                     main
     000003BB  A$lcc74000$500                     main
     000003BC  A$lcc74000$501                     main
     000003BD  A$lcc74000$502                     main
     000003BE  A$lcc74000$503                     main
ASxxxx Linker V03.00 + NoICE + sdld,  page 11.
Hexadecimal  [32-Bits]

Area                                    Addr        Size        Decimal Bytes (Attributes)
--------------------------------        ----        ----        ------- ----- ------------
_CODE                               00000200    00001063 =        4195. bytes (REL,CON)

      Value  Global                              Global Defined In Module
      -----  --------------------------------   ------------------------
     000003BF  A$lcc74000$507                     main
     000003BF  C$fixed.c$121$3_0$149              main
     000003C1  A$lcc74000$508                     main
     000003C2  A$lcc74000$509                     main
     000003C3  A$lcc74000$510                     main
     000003C4  A$lcc74000$511                     main
     000003C6  A$lcc74000$512                     main
     000003C7  A$lcc74000$513                     main
     000003C8  A$lcc74000$514                     main
     000003C9  A$lcc74000$518                     main
     000003C9  C$fixed.c$122$3_0$149              main
     000003CA  A$lcc74000$519                     main
     000003CB  A$lcc74000$520                     main
     000003CC  A$lcc74000$521                     main
     000003CD  A$lcc74000$522                     main
     000003CE  A$lcc74000$523                     main
     000003CF  A$lcc74000$524                     main
     000003D0  A$lcc74000$525                     main
     000003D1  A$lcc74000$529                     main
     000003D1  C$fixed.c$125$3_0$147              main
     000003D3  A$lcc74000$530                     main
     000003D4  A$lcc74000$531                     main
     000003D5  A$lcc74000$532                     main
     000003D6  A$lcc74000$533                     main
     000003D8  A$lcc74000$534                     main
     000003D9  A$lcc74000$535                     main
     000003DA  A$lcc74000$536                     main
     000003DB  A$lcc74000$537                     main
     000003DE  A$lcc74000$538                     main
     000003E0  A$lcc74000$539                     main
     000003E1  A$lcc74000$540                     main
     000003E2  A$lcc74000$542                     main
     000003E3  A$lcc74000$543                     main
     000003E4  A$lcc74000$544                     main
     000003E5  A$lcc74000$545                     main
     000003E6  A$lcc74000$546                     main
     000003E7  A$lcc74000$547                     main
     000003E8  A$lcc74000$548                     main
     000003E9  A$lcc74000$549                     main
     000003EA  A$lcc74000$550                     main
     000003EB  A$lcc74000$551                     main
     000003EC  A$lcc74000$552                     main
     000003EE  A$lcc74000$553                     main
     000003EF  A$lcc74000$554                     main
     000003F0  A$lcc74000$555                     main
     000003F1  A$lcc74000$556                     main
     000003F3  A$lcc74000$560                     main
     000003F3  C$fixed.c$125$5_0$154              main
     000003F4  A$lcc74000$561                     main
     000003F5  A$lcc74000$562                     main
     000003F7  A$lcc74000$563                     main
ASxxxx Linker V03.00 + NoICE + sdld,  page 12.
Hexadecimal  [32-Bits]

Area                                    Addr        Size        Decimal Bytes (Attributes)
--------------------------------        ----        ----        ------- ----- ------------
_CODE                               00000200    00001063 =        4195. bytes (REL,CON)

      Value  Global                              Global Defined In Module
      -----  --------------------------------   ------------------------
     000003F8  A$lcc74000$564                     main
     000003FA  A$lcc74000$565                     main
     000003FB  A$lcc74000$566                     main
     000003FD  A$lcc74000$567                     main
     000003FE  A$lcc74000$571                     main
     000003FE  C$fixed.c$108$2_0$148              main
     00000400  A$lcc74000$572                     main
     00000401  A$lcc74000$573                     main
     00000404  A$lcc74000$576                     main
     00000406  A$lcc74000$577                     main
     00000407  A$lcc74000$578                     main
     00000409  A$lcc74000$579                     main
     0000040A  A$lcc74000$580                     main
     0000040C  A$lcc74000$581                     main
     0000040D  A$lcc74000$582                     main
     0000040F  A$lcc74000$584                     main
     00000410  A$lcc74000$585                     main
     00000411  A$lcc74000$586                     main
     00000412  A$lcc74000$587                     main
     00000413  A$lcc74000$588                     main
     00000415  A$lcc74000$589                     main
     00000416  A$lcc74000$590                     main
     00000417  A$lcc74000$591                     main
     00000418  A$lcc74000$592                     main
     00000419  A$lcc74000$593                     main
     0000041A  A$lcc74000$594                     main
     0000041B  A$lcc74000$595                     main
     0000041C  A$lcc74000$596                     main
     0000041F  A$lcc74000$597                     main
     00000420  A$lcc74000$598                     main
     00000422  A$lcc74000$599                     main
     00000423  A$lcc74000$600                     main
     00000425  A$lcc74000$601                     main
     00000426  A$lcc74000$602                     main
     00000427  A$lcc74000$603                     main
     00000428  A$lcc74000$604                     main
     00000429  A$lcc74000$605                     main
     0000042A  A$lcc74000$606                     main
     0000042B  A$lcc74000$607                     main
     0000042C  A$lcc74000$608                     main
     0000042F  A$lcc74000$609                     main
     00000431  A$lcc74000$610                     main
     00000432  A$lcc74000$611                     main
     00000433  A$lcc74000$612                     main
     00000434  A$lcc74000$613                     main
     00000435  A$lcc74000$614                     main
     00000436  A$lcc74000$615                     main
     00000437  A$lcc74000$616                     main
     00000438  A$lcc74000$617                     main
     0000043A  A$lcc74000$618                     main
     0000043B  A$lcc74000$619                     main
ASxxxx Linker V03.00 + NoICE + sdld,  page 13.
Hexadecimal  [32-Bits]

Area                                    Addr        Size        Decimal Bytes (Attributes)
--------------------------------        ----        ----        ------- ----- ------------
_CODE                               00000200    00001063 =        4195. bytes (REL,CON)

      Value  Global                              Global Defined In Module
      -----  --------------------------------   ------------------------
     0000043C  A$lcc74000$620                     main
     0000043D  A$lcc74000$621                     main
     0000043E  A$lcc74000$622                     main
     0000043F  A$lcc74000$626                     main
     0000043F  C$fixed.c$129$3_0$157              main
     00000441  A$lcc74000$627                     main
     00000442  A$lcc74000$628                     main
     00000443  A$lcc74000$629                     main
     00000444  A$lcc74000$630                     main
     00000446  A$lcc74000$631                     main
     00000447  A$lcc74000$632                     main
     00000448  A$lcc74000$633                     main
     00000449  A$lcc74000$635                     main
     0000044A  A$lcc74000$636                     main
     0000044B  A$lcc74000$637                     main
     0000044C  A$lcc74000$638                     main
     0000044D  A$lcc74000$639                     main
     0000044E  A$lcc74000$640                     main
     0000044F  A$lcc74000$641                     main
     00000450  A$lcc74000$642                     main
     00000451  A$lcc74000$643                     main
     00000452  A$lcc74000$645                     main
     00000454  A$lcc74000$646                     main
     00000455  A$lcc74000$647                     main
     00000456  A$lcc74000$648                     main
     00000457  A$lcc74000$649                     main
     00000458  A$lcc74000$650                     main
     00000459  A$lcc74000$651                     main
     0000045A  A$lcc74000$652                     main
     0000045B  A$lcc74000$653                     main
     0000045E  A$lcc74000$654                     main
     0000045F  A$lcc74000$655                     main
     00000461  A$lcc74000$656                     main
     00000462  A$lcc74000$657                     main
     00000464  A$lcc74000$658                     main
     00000465  A$lcc74000$659                     main
     00000466  A$lcc74000$660                     main
     00000467  A$lcc74000$661                     main
     00000468  A$lcc74000$662                     main
     00000469  A$lcc74000$663                     main
     0000046A  A$lcc74000$664                     main
     0000046B  A$lcc74000$665                     main
     0000046E  A$lcc74000$666                     main
     00000470  A$lcc74000$667                     main
     00000471  A$lcc74000$668                     main
     00000472  A$lcc74000$669                     main
     00000473  A$lcc74000$670                     main
     00000474  A$lcc74000$671                     main
     00000475  A$lcc74000$672                     main
     00000476  A$lcc74000$673                     main
     00000477  A$lcc74000$674                     main
ASxxxx Linker V03.00 + NoICE + sdld,  page 14.
Hexadecimal  [32-Bits]

Area                                    Addr        Size        Decimal Bytes (Attributes)
--------------------------------        ----        ----        ------- ----- ------------
_CODE                               00000200    00001063 =        4195. bytes (REL,CON)

      Value  Global                              Global Defined In Module
      -----  --------------------------------   ------------------------
     00000479  A$lcc74000$675                     main
     0000047A  A$lcc74000$676                     main
     0000047B  A$lcc74000$677                     main
     0000047C  A$lcc74000$678                     main
     0000047D  A$lcc74000$679                     main
     0000047E  A$lcc74000$683                     main
     0000047E  C$fixed.c$130$3_0$160              main
     00000480  A$lcc74000$684                     main
     00000481  A$lcc74000$685                     main
     00000482  A$lcc74000$686                     main
     00000483  A$lcc74000$687                     main
     00000485  A$lcc74000$688                     main
     00000486  A$lcc74000$689                     main
     00000487  A$lcc74000$690                     main
     00000488  A$lcc74000$691                     main
     00000489  A$lcc74000$692                     main
     0000048A  A$lcc74000$696                     main
     0000048A  C$fixed.c$131$3_0$147              main
     0000048C  A$lcc74000$697                     main
     0000048D  A$lcc74000$698                     main
     0000048E  A$lcc74000$699                     main
     0000048F  G$cordic_table$0_0$0               main
     0000048F  _cordic_table                      main
     000004BB  A$lcc74000$733                     main
     000004BB  C$GameObject.c$31$3_0$165          main
     000004BB  G$updateGameObject$0$0             main
     000004BB  _updateGameObject                  main
     000004BD  A$lcc74000$734                     main
     000004BF  A$lcc74000$735                     main
     000004C0  A$lcc74000$736                     main
     000004C1  A$lcc74000$737                     main
     000004C2  A$lcc74000$738                     main
     000004C4  A$lcc74000$739                     main
     000004C5  A$lcc74000$740                     main
     000004C6  A$lcc74000$742                     main
     000004C7  A$lcc74000$743                     main
     000004C8  A$lcc74000$744                     main
     000004C9  A$lcc74000$745                     main
     000004CA  A$lcc74000$746                     main
     000004CB  A$lcc74000$747                     main
     000004CE  A$lcc74000$748                     main
     000004CF  A$lcc74000$749                     main
     000004D0  A$lcc74000$750                     main
     000004D1  A$lcc74000$751                     main
     000004D3  A$lcc74000$752                     main
     000004D4  A$lcc74000$753                     main
     000004D5  A$lcc74000$754                     main
     000004D6  A$lcc74000$755                     main
     000004D8  A$lcc74000$756                     main
     000004D9  A$lcc74000$757                     main
     000004DA  A$lcc74000$758                     main
ASxxxx Linker V03.00 + NoICE + sdld,  page 15.
Hexadecimal  [32-Bits]

Area                                    Addr        Size        Decimal Bytes (Attributes)
--------------------------------        ----        ----        ------- ----- ------------
_CODE                               00000200    00001063 =        4195. bytes (REL,CON)

      Value  Global                              Global Defined In Module
      -----  --------------------------------   ------------------------
     000004DB  A$lcc74000$759                     main
     000004DC  A$lcc74000$760                     main
     000004DD  A$lcc74000$761                     main
     000004DE  A$lcc74000$762                     main
     000004DF  A$lcc74000$763                     main
     000004E0  A$lcc74000$764                     main
     000004E1  A$lcc74000$765                     main
     000004E2  A$lcc74000$766                     main
     000004E3  A$lcc74000$767                     main
     000004E4  A$lcc74000$768                     main
     000004E5  A$lcc74000$769                     main
     000004E6  A$lcc74000$770                     main
     000004E7  A$lcc74000$771                     main
     000004E8  A$lcc74000$772                     main
     000004E9  A$lcc74000$775                     main
     000004EA  A$lcc74000$776                     main
     000004EB  A$lcc74000$777                     main
     000004EC  A$lcc74000$781                     main
     000004ED  A$lcc74000$782                     main
     000004EE  A$lcc74000$783                     main
     000004EF  A$lcc74000$787                     main
     000004EF  C$GameObject.c$33$3_0$172          main
     000004F1  A$lcc74000$788                     main
     000004F2  A$lcc74000$789                     main
     000004F3  A$lcc74000$790                     main
     000004F4  A$lcc74000$791                     main
     000004F5  A$lcc74000$792                     main
     000004F6  A$lcc74000$793                     main
     000004F7  A$lcc74000$797                     main
     000004F7  C$GameObject.c$34$2_0$165          main
     000004F9  A$lcc74000$798                     main
     000004FA  A$lcc74000$799                     main
     000004FB  A$lcc74000$800                     main
     000004FC  A$lcc74000$801                     main
     000004FF  A$lcc74000$802                     main
     00000500  A$lcc74000$803                     main
     00000501  A$lcc74000$804                     main
     00000502  A$lcc74000$805                     main
     00000504  A$lcc74000$806                     main
     00000505  A$lcc74000$807                     main
     00000506  A$lcc74000$808                     main
     00000507  A$lcc74000$809                     main
     00000509  A$lcc74000$810                     main
     0000050A  A$lcc74000$811                     main
     0000050C  A$lcc74000$812                     main
     0000050D  A$lcc74000$813                     main
     0000050E  A$lcc74000$814                     main
     0000050F  A$lcc74000$815                     main
     00000510  A$lcc74000$816                     main
     00000511  A$lcc74000$817                     main
     00000512  A$lcc74000$818                     main
ASxxxx Linker V03.00 + NoICE + sdld,  page 16.
Hexadecimal  [32-Bits]

Area                                    Addr        Size        Decimal Bytes (Attributes)
--------------------------------        ----        ----        ------- ----- ------------
_CODE                               00000200    00001063 =        4195. bytes (REL,CON)

      Value  Global                              Global Defined In Module
      -----  --------------------------------   ------------------------
     00000513  A$lcc74000$819                     main
     00000514  A$lcc74000$820                     main
     00000516  A$lcc74000$821                     main
     00000517  A$lcc74000$822                     main
     00000518  A$lcc74000$823                     main
     00000519  A$lcc74000$824                     main
     0000051A  A$lcc74000$825                     main
     0000051B  A$lcc74000$828                     main
     0000051C  A$lcc74000$829                     main
     0000051D  A$lcc74000$830                     main
     0000051E  A$lcc74000$834                     main
     0000051F  A$lcc74000$835                     main
     00000520  A$lcc74000$836                     main
     00000521  A$lcc74000$840                     main
     00000521  C$GameObject.c$34$3_0$175          main
     00000523  A$lcc74000$841                     main
     00000524  A$lcc74000$842                     main
     00000525  A$lcc74000$843                     main
     00000526  A$lcc74000$844                     main
     00000527  A$lcc74000$845                     main
     00000528  A$lcc74000$846                     main
     00000529  A$lcc74000$850                     main
     00000529  C$GameObject.c$35$1_0$165          main
     0000052B  A$lcc74000$851                     main
     0000052C  A$lcc74000$852                     main
     0000052D  A$lcc74000$853                     main
     0000052E  A$lcc74000$854                     main
     00000531  A$lcc74000$855                     main
     00000532  A$lcc74000$856                     main
     00000533  A$lcc74000$857                     main
     00000534  A$lcc74000$858                     main
     00000535  A$lcc74000$859                     main
     00000537  A$lcc74000$860                     main
     00000538  A$lcc74000$861                     main
     00000539  A$lcc74000$862                     main
     0000053A  A$lcc74000$863                     main
     0000053D  A$lcc74000$864                     main
     0000053E  A$lcc74000$865                     main
     0000053F  A$lcc74000$866                     main
     00000540  A$lcc74000$867                     main
     00000542  A$lcc74000$868                     main
     00000543  A$lcc74000$869                     main
     00000544  A$lcc74000$870                     main
     00000545  A$lcc74000$871                     main
     00000547  A$lcc74000$872                     main
     00000548  A$lcc74000$873                     main
     00000549  A$lcc74000$874                     main
     0000054A  A$lcc74000$875                     main
     0000054B  A$lcc74000$876                     main
     0000054C  A$lcc74000$877                     main
     0000054D  A$lcc74000$878                     main
ASxxxx Linker V03.00 + NoICE + sdld,  page 17.
Hexadecimal  [32-Bits]

Area                                    Addr        Size        Decimal Bytes (Attributes)
--------------------------------        ----        ----        ------- ----- ------------
_CODE                               00000200    00001063 =        4195. bytes (REL,CON)

      Value  Global                              Global Defined In Module
      -----  --------------------------------   ------------------------
     0000054E  A$lcc74000$879                     main
     0000054F  A$lcc74000$880                     main
     00000550  A$lcc74000$881                     main
     00000551  A$lcc74000$882                     main
     00000552  A$lcc74000$883                     main
     00000553  A$lcc74000$884                     main
     00000554  A$lcc74000$887                     main
     00000555  A$lcc74000$888                     main
     00000556  A$lcc74000$889                     main
     00000557  A$lcc74000$893                     main
     00000558  A$lcc74000$894                     main
     00000559  A$lcc74000$895                     main
     0000055A  A$lcc74000$899                     main
     0000055A  C$GameObject.c$35$3_0$178          main
     0000055B  A$lcc74000$900                     main
     0000055C  A$lcc74000$901                     main
     0000055D  A$lcc74000$902                     main
     0000055E  A$lcc74000$903                     main
     0000055F  A$lcc74000$907                     main
     0000055F  C$GameObject.c$36$1_0$165          main
     00000561  A$lcc74000$908                     main
     00000562  A$lcc74000$909                     main
     00000563  A$lcc74000$910                     main
     00000564  A$lcc74000$911                     main
     00000565  A$lcc74000$912                     main
     00000566  A$lcc74000$913                     main
     00000568  A$lcc74000$914                     main
     00000569  A$lcc74000$915                     main
     0000056A  A$lcc74000$916                     main
     0000056B  A$lcc74000$917                     main
     0000056C  A$lcc74000$918                     main
     0000056E  A$lcc74000$919                     main
     0000056F  A$lcc74000$920                     main
     00000570  A$lcc74000$921                     main
     00000571  A$lcc74000$922                     main
     00000572  A$lcc74000$923                     main
     00000573  A$lcc74000$924                     main
     00000574  A$lcc74000$925                     main
     00000575  A$lcc74000$926                     main
     00000577  A$lcc74000$927                     main
     00000578  A$lcc74000$928                     main
     00000579  A$lcc74000$929                     main
     0000057A  A$lcc74000$931                     main
     0000057B  A$lcc74000$932                     main
     0000057C  A$lcc74000$933                     main
     0000057D  A$lcc74000$934                     main
     0000057E  A$lcc74000$935                     main
     00000580  A$lcc74000$936                     main
     00000581  A$lcc74000$937                     main
     00000582  A$lcc74000$938                     main
     00000583  A$lcc74000$939                     main
ASxxxx Linker V03.00 + NoICE + sdld,  page 18.
Hexadecimal  [32-Bits]

Area                                    Addr        Size        Decimal Bytes (Attributes)
--------------------------------        ----        ----        ------- ----- ------------
_CODE                               00000200    00001063 =        4195. bytes (REL,CON)

      Value  Global                              Global Defined In Module
      -----  --------------------------------   ------------------------
     00000584  A$lcc74000$940                     main
     00000585  A$lcc74000$941                     main
     00000586  A$lcc74000$945                     main
     00000586  C$GameObject.c$36$3_0$181          main
     00000587  A$lcc74000$946                     main
     00000588  A$lcc74000$947                     main
     00000589  A$lcc74000$948                     main
     0000058A  A$lcc74000$949                     main
     0000058B  A$lcc74000$953                     main
     0000058D  A$lcc74000$954                     main
     0000058E  A$lcc74000$955                     main
     0000058F  A$lcc74000$956                     main
     00000590  A$lcc74000$957                     main
     00000593  A$lcc74000$958                     main
     00000594  A$lcc74000$959                     main
     00000595  A$lcc74000$960                     main
     00000596  A$lcc74000$961                     main
     00000598  A$lcc74000$962                     main
     00000599  A$lcc74000$963                     main
     0000059A  A$lcc74000$964                     main
     0000059B  A$lcc74000$965                     main
     0000059D  A$lcc74000$966                     main
     0000059E  A$lcc74000$967                     main
     0000059F  A$lcc74000$968                     main
     000005A0  A$lcc74000$969                     main
     000005A1  A$lcc74000$970                     main
     000005A2  A$lcc74000$971                     main
     000005A4  A$lcc74000$972                     main
     000005A5  A$lcc74000$973                     main
     000005A7  A$lcc74000$974                     main
     000005A8  A$lcc74000$975                     main
     000005A9  A$lcc74000$976                     main
     000005AA  A$lcc74000$977                     main
     000005AD  A$lcc74000$978                     main
     000005AE  A$lcc74000$979                     main
     000005AF  A$lcc74000$980                     main
     000005B0  A$lcc74000$984                     main
     000005B0  C$GameObject.c$40$2_0$165          main
     000005B2  A$lcc74000$985                     main
     000005B3  A$lcc74000$986                     main
     000005B4  A$lcc74000$987                     main
     000005B5  A$lcc74000$988                     main
     000005B6  A$lcc74000$989                     main
     000005B7  A$lcc74000$990                     main
     000005B8  A$lcc74000$991                     main
     000005B9  A$lcc74000$992                     main
     000005BA  A$lcc74000$993                     main
     000005BB  A$lcc74000$994                     main
     000005BC  A$lcc74000$995                     main
     000005BF  A$lcc74000$996                     main
     000005C0  A$lcc74000$997                     main
ASxxxx Linker V03.00 + NoICE + sdld,  page 19.
Hexadecimal  [32-Bits]

Area                                    Addr        Size        Decimal Bytes (Attributes)
--------------------------------        ----        ----        ------- ----- ------------
_CODE                               00000200    00001063 =        4195. bytes (REL,CON)

      Value  Global                              Global Defined In Module
      -----  --------------------------------   ------------------------
     000005C1  A$lcc74000$998                     main
     000005C2  A$lcc74000$999                     main
     000005C3  A$lcc74000$1000                    main
     000005C5  A$lcc74000$1001                    main
     000005C6  A$lcc74000$1002                    main
     000005C7  A$lcc74000$1003                    main
     000005C8  A$lcc74000$1004                    main
     000005CA  A$lcc74000$1005                    main
     000005CB  A$lcc74000$1009                    main
     000005CB  C$GameObject.c$38$1_0$165          main
     000005CD  A$lcc74000$1010                    main
     000005CE  A$lcc74000$1011                    main
     000005CF  A$lcc74000$1012                    main
     000005D1  A$lcc74000$1013                    main
     000005D2  A$lcc74000$1014                    main
     000005D3  A$lcc74000$1015                    main
     000005D5  A$lcc74000$1017                    main
     000005D6  A$lcc74000$1018                    main
     000005D7  A$lcc74000$1019                    main
     000005D8  A$lcc74000$1022                    main
     000005D9  A$lcc74000$1023                    main
     000005DA  A$lcc74000$1026                    main
     000005DC  A$lcc74000$1027                    main
     000005DD  A$lcc74000$1028                    main
     000005DE  A$lcc74000$1029                    main
     000005DF  A$lcc74000$1030                    main
     000005E0  A$lcc74000$1031                    main
     000005E1  A$lcc74000$1032                    main
     000005E3  A$lcc74000$1033                    main
     000005E4  A$lcc74000$1034                    main
     000005E5  A$lcc74000$1035                    main
     000005E7  A$lcc74000$1036                    main
     000005E8  A$lcc74000$1037                    main
     000005EA  A$lcc74000$1038                    main
     000005EB  A$lcc74000$1039                    main
     000005EC  A$lcc74000$1040                    main
     000005ED  A$lcc74000$1041                    main
     000005EE  A$lcc74000$1044                    main
     000005EF  A$lcc74000$1045                    main
     000005F0  A$lcc74000$1048                    main
     000005F1  A$lcc74000$1049                    main
     000005F3  A$lcc74000$1050                    main
     000005F4  A$lcc74000$1051                    main
     000005F5  A$lcc74000$1052                    main
     000005F6  A$lcc74000$1053                    main
     000005F7  A$lcc74000$1056                    main
     000005F8  A$lcc74000$1057                    main
     000005F9  A$lcc74000$1058                    main
     000005FA  A$lcc74000$1059                    main
     000005FB  A$lcc74000$1060                    main
     000005FC  A$lcc74000$1061                    main
ASxxxx Linker V03.00 + NoICE + sdld,  page 20.
Hexadecimal  [32-Bits]

Area                                    Addr        Size        Decimal Bytes (Attributes)
--------------------------------        ----        ----        ------- ----- ------------
_CODE                               00000200    00001063 =        4195. bytes (REL,CON)

      Value  Global                              Global Defined In Module
      -----  --------------------------------   ------------------------
     000005FE  A$lcc74000$1062                    main
     000005FF  A$lcc74000$1063                    main
     00000601  A$lcc74000$1064                    main
     00000602  A$lcc74000$1065                    main
     00000603  A$lcc74000$1066                    main
     00000604  A$lcc74000$1067                    main
     00000605  A$lcc74000$1068                    main
     00000606  A$lcc74000$1070                    main
     00000607  A$lcc74000$1071                    main
     00000609  A$lcc74000$1072                    main
     0000060A  A$lcc74000$1073                    main
     0000060B  A$lcc74000$1074                    main
     0000060C  A$lcc74000$1075                    main
     0000060D  A$lcc74000$1076                    main
     00000610  A$lcc74000$1077                    main
     00000611  A$lcc74000$1079                    main
     00000612  A$lcc74000$1080                    main
     00000613  A$lcc74000$1081                    main
     00000614  A$lcc74000$1085                    main
     00000614  C$GameObject.c$41$2_0$166          main
     00000617  A$lcc74000$1090                    main
     00000617  C$GameObject.c$43$2_0$165          main
     00000619  A$lcc74000$1091                    main
     0000061A  A$lcc74000$1092                    main
     0000061B  A$lcc74000$1093                    main
     0000061C  A$lcc74000$1094                    main
     0000061E  A$lcc74000$1095                    main
     0000061F  A$lcc74000$1096                    main
     00000621  A$lcc74000$1097                    main
     00000622  A$lcc74000$1098                    main
     00000624  A$lcc74000$1099                    main
     00000625  A$lcc74000$1100                    main
     00000627  A$lcc74000$1101                    main
     00000628  A$lcc74000$1102                    main
     00000629  A$lcc74000$1103                    main
     0000062A  A$lcc74000$1104                    main
     0000062B  A$lcc74000$1105                    main
     0000062E  A$lcc74000$1107                    main
     00000630  A$lcc74000$1108                    main
     00000631  A$lcc74000$1109                    main
     00000632  A$lcc74000$1110                    main
     00000633  A$lcc74000$1111                    main
     00000634  A$lcc74000$1112                    main
     00000635  A$lcc74000$1115                    main
     00000636  A$lcc74000$1116                    main
     00000637  A$lcc74000$1117                    main
     00000638  A$lcc74000$1120                    main
     00000639  A$lcc74000$1121                    main
     0000063A  A$lcc74000$1122                    main
     0000063B  A$lcc74000$1123                    main
     0000063C  A$lcc74000$1124                    main
ASxxxx Linker V03.00 + NoICE + sdld,  page 21.
Hexadecimal  [32-Bits]

Area                                    Addr        Size        Decimal Bytes (Attributes)
--------------------------------        ----        ----        ------- ----- ------------
_CODE                               00000200    00001063 =        4195. bytes (REL,CON)

      Value  Global                              Global Defined In Module
      -----  --------------------------------   ------------------------
     0000063D  A$lcc74000$1125                    main
     0000063E  A$lcc74000$1126                    main
     00000640  A$lcc74000$1127                    main
     00000642  A$lcc74000$1128                    main
     00000644  A$lcc74000$1129                    main
     00000646  A$lcc74000$1130                    main
     00000647  A$lcc74000$1131                    main
     00000649  A$lcc74000$1133                    main
     0000064B  A$lcc74000$1134                    main
     0000064D  A$lcc74000$1135                    main
     0000064E  A$lcc74000$1137                    main
     00000651  A$lcc74000$1141                    main
     00000651  C$GameObject.c$45$2_0$165          main
     00000652  A$lcc74000$1142                    main
     00000654  A$lcc74000$1143                    main
     00000655  A$lcc74000$1144                    main
     00000656  A$lcc74000$1146                    main
     00000658  A$lcc74000$1147                    main
     00000659  A$lcc74000$1148                    main
     0000065A  A$lcc74000$1149                    main
     0000065B  A$lcc74000$1150                    main
     0000065C  A$lcc74000$1151                    main
     0000065E  A$lcc74000$1152                    main
     0000065F  A$lcc74000$1153                    main
     00000660  A$lcc74000$1154                    main
     00000662  A$lcc74000$1155                    main
     00000663  A$lcc74000$1156                    main
     00000664  A$lcc74000$1157                    main
     00000665  A$lcc74000$1158                    main
     00000666  A$lcc74000$1159                    main
     00000668  A$lcc74000$1160                    main
     00000669  A$lcc74000$1161                    main
     0000066A  A$lcc74000$1162                    main
     0000066C  A$lcc74000$1163                    main
     0000066D  A$lcc74000$1164                    main
     0000066E  A$lcc74000$1165                    main
     0000066F  A$lcc74000$1166                    main
     00000670  A$lcc74000$1167                    main
     00000671  A$lcc74000$1168                    main
     00000672  A$lcc74000$1169                    main
     00000673  A$lcc74000$1170                    main
     00000674  A$lcc74000$1171                    main
     00000676  A$lcc74000$1172                    main
     00000678  A$lcc74000$1173                    main
     0000067A  A$lcc74000$1174                    main
     0000067C  A$lcc74000$1175                    main
     0000067D  A$lcc74000$1176                    main
     0000067F  A$lcc74000$1178                    main
     00000681  A$lcc74000$1179                    main
     00000683  A$lcc74000$1180                    main
     00000684  A$lcc74000$1182                    main
ASxxxx Linker V03.00 + NoICE + sdld,  page 22.
Hexadecimal  [32-Bits]

Area                                    Addr        Size        Decimal Bytes (Attributes)
--------------------------------        ----        ----        ------- ----- ------------
_CODE                               00000200    00001063 =        4195. bytes (REL,CON)

      Value  Global                              Global Defined In Module
      -----  --------------------------------   ------------------------
     00000687  A$lcc74000$1184                    main
     00000688  A$lcc74000$1185                    main
     00000689  A$lcc74000$1186                    main
     0000068A  A$lcc74000$1189                    main
     0000068B  A$lcc74000$1190                    main
     0000068C  A$lcc74000$1191                    main
     0000068D  A$lcc74000$1192                    main
     0000068F  A$lcc74000$1193                    main
     00000690  A$lcc74000$1194                    main
     00000691  A$lcc74000$1195                    main
     00000692  A$lcc74000$1196                    main
     00000693  A$lcc74000$1197                    main
     00000694  A$lcc74000$1198                    main
     00000695  A$lcc74000$1199                    main
     00000697  A$lcc74000$1200                    main
     00000698  A$lcc74000$1201                    main
     0000069A  A$lcc74000$1202                    main
     0000069B  A$lcc74000$1203                    main
     0000069C  A$lcc74000$1204                    main
     0000069D  A$lcc74000$1205                    main
     0000069E  A$lcc74000$1208                    main
     0000069F  A$lcc74000$1209                    main
     000006A0  A$lcc74000$1210                    main
     000006A1  A$lcc74000$1211                    main
     000006A3  A$lcc74000$1212                    main
     000006A4  A$lcc74000$1213                    main
     000006A5  A$lcc74000$1214                    main
     000006A7  A$lcc74000$1215                    main
     000006A9  A$lcc74000$1216                    main
     000006AA  A$lcc74000$1217                    main
     000006AC  A$lcc74000$1218                    main
     000006AD  A$lcc74000$1219                    main
     000006AE  A$lcc74000$1220                    main
     000006AF  A$lcc74000$1221                    main
     000006B0  A$lcc74000$1224                    main
     000006B1  A$lcc74000$1225                    main
     000006B2  A$lcc74000$1226                    main
     000006B3  A$lcc74000$1227                    main
     000006B5  A$lcc74000$1228                    main
     000006B6  A$lcc74000$1229                    main
     000006B8  A$lcc74000$1230                    main
     000006B9  A$lcc74000$1231                    main
     000006BA  A$lcc74000$1232                    main
     000006BB  A$lcc74000$1233                    main
     000006BC  A$lcc74000$1234                    main
     000006BD  A$lcc74000$1235                    main
     000006BE  A$lcc74000$1236                    main
     000006BF  A$lcc74000$1237                    main
     000006C0  A$lcc74000$1238                    main
     000006C1  A$lcc74000$1239                    main
     000006C2  A$lcc74000$1240                    main
ASxxxx Linker V03.00 + NoICE + sdld,  page 23.
Hexadecimal  [32-Bits]

Area                                    Addr        Size        Decimal Bytes (Attributes)
--------------------------------        ----        ----        ------- ----- ------------
_CODE                               00000200    00001063 =        4195. bytes (REL,CON)

      Value  Global                              Global Defined In Module
      -----  --------------------------------   ------------------------
     000006C3  A$lcc74000$1241                    main
     000006C4  A$lcc74000$1244                    main
     000006C5  A$lcc74000$1245                    main
     000006C6  A$lcc74000$1246                    main
     000006C7  A$lcc74000$1247                    main
     000006C9  A$lcc74000$1248                    main
     000006CA  A$lcc74000$1249                    main
     000006CB  A$lcc74000$1250                    main
     000006CD  A$lcc74000$1251                    main
     000006CE  A$lcc74000$1252                    main
     000006D0  A$lcc74000$1253                    main
     000006D1  A$lcc74000$1254                    main
     000006D2  A$lcc74000$1255                    main
     000006D3  A$lcc74000$1256                    main
     000006D4  A$lcc74000$1257                    main
     000006D6  A$lcc74000$1258                    main
     000006D7  A$lcc74000$1259                    main
     000006D8  A$lcc74000$1260                    main
     000006DA  A$lcc74000$1261                    main
     000006DB  A$lcc74000$1262                    main
     000006DC  A$lcc74000$1263                    main
     000006DD  A$lcc74000$1264                    main
     000006E0  A$lcc74000$1265                    main
     000006E1  A$lcc74000$1266                    main
     000006E2  A$lcc74000$1267                    main
     000006E4  A$lcc74000$1268                    main
     000006E5  A$lcc74000$1269                    main
     000006E6  A$lcc74000$1270                    main
     000006E7  A$lcc74000$1271                    main
     000006E8  A$lcc74000$1272                    main
     000006E9  A$lcc74000$1274                    main
     000006EB  A$lcc74000$1277                    main
     000006EC  A$lcc74000$1278                    main
     000006ED  A$lcc74000$1279                    main
     000006EE  A$lcc74000$1280                    main
     000006F1  A$lcc74000$1281                    main
     000006F2  A$lcc74000$1282                    main
     000006F3  A$lcc74000$1283                    main
     000006F4  A$lcc74000$1285                    main
     000006F6  A$lcc74000$1286                    main
     000006F7  A$lcc74000$1287                    main
     000006F8  A$lcc74000$1288                    main
     000006F9  A$lcc74000$1289                    main
     000006FA  A$lcc74000$1290                    main
     000006FB  A$lcc74000$1291                    main
     000006FC  A$lcc74000$1295                    main
     000006FC  C$GameObject.c$45$4_0$169          main
     000006FE  A$lcc74000$1296                    main
     000006FF  A$lcc74000$1297                    main
     00000702  A$lcc74000$1298                    main
     00000703  A$lcc74000$1299                    main
ASxxxx Linker V03.00 + NoICE + sdld,  page 24.
Hexadecimal  [32-Bits]

Area                                    Addr        Size        Decimal Bytes (Attributes)
--------------------------------        ----        ----        ------- ----- ------------
_CODE                               00000200    00001063 =        4195. bytes (REL,CON)

      Value  Global                              Global Defined In Module
      -----  --------------------------------   ------------------------
     00000704  A$lcc74000$1300                    main
     00000707  A$lcc74000$1305                    main
     00000707  C$GameObject.c$43$2_0$167          main
     00000708  A$lcc74000$1306                    main
     0000070B  A$lcc74000$1311                    main
     0000070D  A$lcc74000$1316                    main
     0000070D  C$GameObject.c$50$2_0$165          main
     0000070D  XG$updateGameObject$0$0            main
     0000070E  A$lcc74000$1326                    main
     0000070E  C$GameObject.c$58$2_0$198          main
     0000070E  G$applyDragToGameObject$0$0        main
     0000070E  _applyDragToGameObject             main
     00000710  A$lcc74000$1327                    main
     00000712  A$lcc74000$1328                    main
     00000713  A$lcc74000$1329                    main
     00000714  A$lcc74000$1330                    main
     00000715  A$lcc74000$1331                    main
     00000716  A$lcc74000$1332                    main
     00000717  A$lcc74000$1336                    main
     00000717  C$GameObject.c$60$1_0$198          main
     00000718  A$lcc74000$1337                    main
     00000719  A$lcc74000$1338                    main
     0000071A  A$lcc74000$1339                    main
     0000071B  A$lcc74000$1340                    main
     0000071E  A$lcc74000$1341                    main
     0000071F  A$lcc74000$1342                    main
     00000720  A$lcc74000$1343                    main
     00000721  A$lcc74000$1344                    main
     00000722  A$lcc74000$1345                    main
     00000723  A$lcc74000$1346                    main
     00000724  A$lcc74000$1347                    main
     00000725  A$lcc74000$1348                    main
     00000726  A$lcc74000$1349                    main
     00000727  A$lcc74000$1350                    main
     00000728  A$lcc74000$1351                    main
     00000729  A$lcc74000$1352                    main
     0000072A  A$lcc74000$1353                    main
     0000072C  A$lcc74000$1357                    main
     0000072C  C$GameObject.c$62$2_0$199          main
     0000072E  A$lcc74000$1358                    main
     0000072F  A$lcc74000$1359                    main
     00000730  A$lcc74000$1360                    main
     00000731  A$lcc74000$1361                    main
     00000732  A$lcc74000$1362                    main
     00000733  A$lcc74000$1363                    main
     00000734  A$lcc74000$1364                    main
     00000736  A$lcc74000$1366                    main
     00000738  A$lcc74000$1367                    main
     0000073A  A$lcc74000$1369                    main
     0000073B  A$lcc74000$1370                    main
     0000073D  A$lcc74000$1374                    main
ASxxxx Linker V03.00 + NoICE + sdld,  page 25.
Hexadecimal  [32-Bits]

Area                                    Addr        Size        Decimal Bytes (Attributes)
--------------------------------        ----        ----        ------- ----- ------------
_CODE                               00000200    00001063 =        4195. bytes (REL,CON)

      Value  Global                              Global Defined In Module
      -----  --------------------------------   ------------------------
     0000073D  C$GameObject.c$63$2_0$199          main
     0000073E  A$lcc74000$1375                    main
     0000073F  A$lcc74000$1376                    main
     00000741  A$lcc74000$1377                    main
     00000744  A$lcc74000$1380                    main
     00000745  A$lcc74000$1381                    main
     00000746  A$lcc74000$1382                    main
     00000747  A$lcc74000$1383                    main
     00000748  A$lcc74000$1384                    main
     00000749  A$lcc74000$1385                    main
     0000074A  A$lcc74000$1389                    main
     0000074A  C$GameObject.c$63$4_0$202          main
     0000074B  A$lcc74000$1390                    main
     0000074C  A$lcc74000$1391                    main
     0000074D  A$lcc74000$1392                    main
     0000074E  A$lcc74000$1393                    main
     0000074F  A$lcc74000$1398                    main
     0000074F  C$GameObject.c$65$1_0$198          main
     00000751  A$lcc74000$1399                    main
     00000752  A$lcc74000$1400                    main
     00000753  A$lcc74000$1401                    main
     00000754  A$lcc74000$1402                    main
     00000757  A$lcc74000$1403                    main
     00000758  A$lcc74000$1404                    main
[...]
     000011ED  A$lcc74000$3931                    main
     000011EE  A$lcc74000$3935                    main
     000011EE  C$main.c$204$4_3$286               main
     000011F1  A$lcc74000$3936                    main
     000011F2  A$lcc74000$3937                    main
     000011F3  A$lcc74000$3938                    main
     000011F4  A$lcc74000$3939                    main
     000011F6  A$lcc74000$3943                    main
     000011F6  C$main.c$205$4_3$286               main
     000011F9  A$lcc74000$3944                    main
ASxxxx Linker V03.00 + NoICE + sdld,  page 66.
Hexadecimal  [32-Bits]

Area                                    Addr        Size        Decimal Bytes (Attributes)
--------------------------------        ----        ----        ------- ----- ------------
_CODE                               00000200    00001063 =        4195. bytes (REL,CON)

      Value  Global                              Global Defined In Module
      -----  --------------------------------   ------------------------
     000011FA  A$lcc74000$3945                    main
     000011FB  A$lcc74000$3946                    main
     000011FC  A$lcc74000$3947                    main
     000011FE  A$lcc74000$3951                    main
     000011FE  C$main.c$207$4_3$286               main
     00001200  A$lcc74000$3952                    main
     00001201  A$lcc74000$3956                    main
     00001201  C$main.c$208$4_3$286               main
     00001202  A$lcc74000$3957                    main
     00001203  A$lcc74000$3958                    main
     00001205  A$lcc74000$3963                    main
     00001205  C$main.c$212$4_3$287               main
     00001207  A$lcc74000$3964                    main
     00001208  A$lcc74000$3968                    main
     0000120A  A$lcc74000$3969                    main
     0000120B  A$lcc74000$3970                    main
     0000120C  A$lcc74000$3971                    main
     0000120E  A$lcc74000$3972                    main
     0000120F  A$lcc74000$3973                    main
     00001210  A$lcc74000$3974                    main
     00001212  A$lcc74000$3976                    main
     00001213  A$lcc74000$3977                    main
     00001215  A$lcc74000$3981                    main
     00001215  C$main.c$218$2_3$273               main
     00001218  A$lcc74000$3982                    main
     0000121B  A$lcc74000$3986                    main
     0000121D  A$lcc74000$3991                    main
     0000121D  C$main.c$220$1_3$269               main
     0000121D  XG$main$0$0                        main
     0000121E  __mulsuchar                        mul
     00001221  __muluschar                        mul
     0000122A  __mulschar                         mul
     00001232  __mulint                           mul
     00001251  __muluchar                         mul
ASxxxx Linker V03.00 + NoICE + sdld,  page 67.
Hexadecimal  [32-Bits]

Area                                    Addr        Size        Decimal Bytes (Attributes)
--------------------------------        ----        ----        ------- ----- ------------
_HEADER0                            00000000    00000001 =           1. bytes (ABS,CON)

      Value  Global                              Global Defined In Module
      -----  --------------------------------   ------------------------
     00000020  .call_hl                           Runtime

ASxxxx Linker V03.00 + NoICE + sdld,  page 68.
Hexadecimal  [32-Bits]

Area                                    Addr        Size        Decimal Bytes (Attributes)
--------------------------------        ----        ----        ------- ----- ------------
_HEADER1                            00000000    00000005 =           5. bytes (ABS,CON)

      Value  Global                              Global Defined In Module
      -----  --------------------------------   ------------------------
     00000028  .MemsetSmall                       Runtime

ASxxxx Linker V03.00 + NoICE + sdld,  page 69.
Hexadecimal  [32-Bits]

Area                                    Addr        Size        Decimal Bytes (Attributes)
--------------------------------        ----        ----        ------- ----- ------------
_HEADER2                            00000000    00000007 =           7. bytes (ABS,CON)

      Value  Global                              Global Defined In Module
      -----  --------------------------------   ------------------------
     00000030  .MemcpySmall                       Runtime

ASxxxx Linker V03.00 + NoICE + sdld,  page 70.
Hexadecimal  [32-Bits]

Area                                    Addr        Size        Decimal Bytes (Attributes)
--------------------------------        ----        ----        ------- ----- ------------
_HEADER3                            00000000    00000008 =           8. bytes (ABS,CON)

      Value  Global                              Global Defined In Module
      -----  --------------------------------   ------------------------
ASxxxx Linker V03.00 + NoICE + sdld,  page 71.
Hexadecimal  [32-Bits]

Area                                    Addr        Size        Decimal Bytes (Attributes)
--------------------------------        ----        ----        ------- ----- ------------
_HEADER4                            00000000    0000004C =          76. bytes (ABS,CON)

      Value  Global                              Global Defined In Module
      -----  --------------------------------   ------------------------
     00000080  .int                               Runtime
     0000008F  _wait_int_handler                  Runtime
     0000009C  __standard_VBL_handler             Runtime
     000000AC  _refresh_OAM                       Runtime

ASxxxx Linker V03.00 + NoICE + sdld,  page 72.
Hexadecimal  [32-Bits]

Area                                    Addr        Size        Decimal Bytes (Attributes)
--------------------------------        ----        ----        ------- ----- ------------
_HEADER5                            00000000    00000002 =           2. bytes (ABS,CON)

      Value  Global                              Global Defined In Module
      -----  --------------------------------   ------------------------
ASxxxx Linker V03.00 + NoICE + sdld,  page 73.
Hexadecimal  [32-Bits]

Area                                    Addr        Size        Decimal Bytes (Attributes)
--------------------------------        ----        ----        ------- ----- ------------
_HEADER6                            00000000    00000030 =          48. bytes (ABS,CON)

      Value  Global                              Global Defined In Module
      -----  --------------------------------   ------------------------
ASxxxx Linker V03.00 + NoICE + sdld,  page 74.
Hexadecimal  [32-Bits]

Area                                    Addr        Size        Decimal Bytes (Attributes)
--------------------------------        ----        ----        ------- ----- ------------
_HEADER7                            00000000    00000006 =           6. bytes (ABS,CON)

      Value  Global                              Global Defined In Module
      -----  --------------------------------   ------------------------
ASxxxx Linker V03.00 + NoICE + sdld,  page 75.
Hexadecimal  [32-Bits]

Area                                    Addr        Size        Decimal Bytes (Attributes)
--------------------------------        ----        ----        ------- ----- ------------
_HEADER8                            00000000    00000003 =           3. bytes (ABS,CON)

      Value  Global                              Global Defined In Module
      -----  --------------------------------   ------------------------
ASxxxx Linker V03.00 + NoICE + sdld,  page 76.
Hexadecimal  [32-Bits]

Area                                    Addr        Size        Decimal Bytes (Attributes)
--------------------------------        ----        ----        ------- ----- ------------
_HEADER9                            00000000    00000001 =           1. bytes (ABS,CON)

      Value  Global                              Global Defined In Module
      -----  --------------------------------   ------------------------
ASxxxx Linker V03.00 + NoICE + sdld,  page 77.
Hexadecimal  [32-Bits]

Area                                    Addr        Size        Decimal Bytes (Attributes)
--------------------------------        ----        ----        ------- ----- ------------
_HEADERa                            00000000    00000001 =           1. bytes (ABS,CON)

      Value  Global                              Global Defined In Module
      -----  --------------------------------   ------------------------
ASxxxx Linker V03.00 + NoICE + sdld,  page 78.
Hexadecimal  [32-Bits]

Area                                    Addr        Size        Decimal Bytes (Attributes)
--------------------------------        ----        ----        ------- ----- ------------
_HEADERb                            00000000    00000001 =           1. bytes (ABS,CON)

      Value  Global                              Global Defined In Module
      -----  --------------------------------   ------------------------
ASxxxx Linker V03.00 + NoICE + sdld,  page 79.
Hexadecimal  [32-Bits]

Area                                    Addr        Size        Decimal Bytes (Attributes)
--------------------------------        ----        ----        ------- ----- ------------
_HEADERc                            00000000    00000002 =           2. bytes (ABS,CON)

      Value  Global                              Global Defined In Module
      -----  --------------------------------   ------------------------
ASxxxx Linker V03.00 + NoICE + sdld,  page 80.
Hexadecimal  [32-Bits]

Area                                    Addr        Size        Decimal Bytes (Attributes)
--------------------------------        ----        ----        ------- ----- ------------
_HEADERd                            00000000    00000001 =           1. bytes (ABS,CON)

      Value  Global                              Global Defined In Module
      -----  --------------------------------   ------------------------
ASxxxx Linker V03.00 + NoICE + sdld,  page 81.
Hexadecimal  [32-Bits]

Area                                    Addr        Size        Decimal Bytes (Attributes)
--------------------------------        ----        ----        ------- ----- ------------
_HEADERe                            00000000    00000001 =           1. bytes (ABS,CON)

      Value  Global                              Global Defined In Module
      -----  --------------------------------   ------------------------
ASxxxx Linker V03.00 + NoICE + sdld,  page 82.
Hexadecimal  [32-Bits]

Area                                    Addr        Size        Decimal Bytes (Attributes)
--------------------------------        ----        ----        ------- ----- ------------
_HEADERf                            00000000    00000002 =           2. bytes (ABS,CON)

      Value  Global                              Global Defined In Module
      -----  --------------------------------   ------------------------
ASxxxx Linker V03.00 + NoICE + sdld,  page 83.
Hexadecimal  [32-Bits]

Area                                    Addr        Size        Decimal Bytes (Attributes)
--------------------------------        ----        ----        ------- ----- ------------
_HEADER10                           00000000    00000084 =         132. bytes (ABS,CON)

      Value  Global                              Global Defined In Module
      -----  --------------------------------   ------------------------
     00000150  .reset                             Runtime
     00000150  _reset                             Runtime
     00000157  .code_start                        Runtime
     000001B9  _exit                              Runtime
     000001BD  _set_interrupts                    Runtime

ASxxxx Linker V03.00 + NoICE + sdld,  page 84.
Hexadecimal  [32-Bits]

Area                                    Addr        Size        Decimal Bytes (Attributes)
--------------------------------        ----        ----        ------- ----- ------------
_HEADER11                           00000000    00000001 =           1. bytes (ABS,CON)

      Value  Global                              Global Defined In Module
      -----  --------------------------------   ------------------------
ASxxxx Linker V03.00 + NoICE + sdld,  page 85.
Hexadecimal  [32-Bits]

Area                                    Addr        Size        Decimal Bytes (Attributes)
--------------------------------        ----        ----        ------- ----- ------------
_HOME                               00001263    000003F7 =        1015. bytes (REL,CON)

      Value  Global                              Global Defined In Module
      -----  --------------------------------   ------------------------
     00001263  .memset_simple                     Runtime
     0000126C  .memcpy_simple                     Runtime
     00001289  .remove_VBL                        Runtime
     0000128C  .remove_int                        Runtime
     000012A9  .add_VBL                           Runtime
     000012AC  .add_int                           Runtime
     000012B7  .wait_vbl_done                     Runtime
     000012B7  _wait_vbl_done                     Runtime
     000012C7  .display_off                       Runtime
     000012C7  _display_off                       Runtime
     000012DF  _remove_VBL                        Runtime
     000012EA  _add_VBL                           Runtime
     000012F5  _set_tile_data                     
     000012FA  _set_bkg_data                      
     000012FA  _set_win_data                      
     00001302  _set_sprite_data                   
     00001332  __divslong                         _divslong
     00001431  __divulong                         _divulong
     000014BC  .padup                             
     000014BC  _waitpadup                         
     000014CC  .jpad                              
     000014CC  _joypad                            
     000014F4  _waitpad                           
     000014F5  .wait_pad                          
     000014FC  __mullong                          _mullong
     000015EC  _set_bkg_tiles                     
     00001600  .set_xy_wtt                        SetTileMap
     00001609  .set_xy_btt                        SetTileMap
     00001618  .set_xy_tt                         SetTileMap

ASxxxx Linker V03.00 + NoICE + sdld,  page 86.
Hexadecimal  [32-Bits]

Area                                    Addr        Size        Decimal Bytes (Attributes)
--------------------------------        ----        ----        ------- ----- ------------
_INITIALIZER                        0000165A    000004C2 =        1218. bytes (REL,CON)

      Value  Global                              Global Defined In Module
      -----  --------------------------------   ------------------------
     0000165A  Fmain$__xinit_SpaceShipTiles$0_0   main
     000016CA  Fmain$__xinit_SpaceTiles$0_0$0     main
     0000171A  Fmain$__xinit_SpaceMap$0_0$0       main
     00001B1A  Fmain$__xinit_enemyUpdate$0_0$0    main

ASxxxx Linker V03.00 + NoICE + sdld,  page 87.
Hexadecimal  [32-Bits]

Area                                    Addr        Size        Decimal Bytes (Attributes)
--------------------------------        ----        ----        ------- ----- ------------
_GSINIT                             00001B1C    0000000C =          12. bytes (REL,CON)

      Value  Global                              Global Defined In Module
      -----  --------------------------------   ------------------------
     00001B1C  gsinit                             Runtime

ASxxxx Linker V03.00 + NoICE + sdld,  page 88.
Hexadecimal  [32-Bits]

Area                                    Addr        Size        Decimal Bytes (Attributes)
--------------------------------        ----        ----        ------- ----- ------------
_GSFINAL                            00001B28    00000001 =           1. bytes (REL,CON)

      Value  Global                              Global Defined In Module
      -----  --------------------------------   ------------------------
ASxxxx Linker V03.00 + NoICE + sdld,  page 89.
Hexadecimal  [32-Bits]

Area                                    Addr        Size        Decimal Bytes (Attributes)
--------------------------------        ----        ----        ------- ----- ------------
_DATA                               0000C0A0    000000C1 =         193. bytes (REL,CON)

      Value  Global                              Global Defined In Module
      -----  --------------------------------   ------------------------
     0000C0A0  __cpu                              Runtime
     0000C0A1  __is_GBA                           Runtime
     0000C0A2  .mode                              Runtime
     0000C0A3  .sys_time                          Runtime
     0000C0A3  _sys_time                          Runtime
     0000C0A5  .int_0x40                          Runtime
     0000C0B1  G$enemies$0_0$0                    main
     0000C0B1  _enemies                           main
     0000C159  G$activeEnemies$0_0$0              main
     0000C159  _activeEnemies                     main

ASxxxx Linker V03.00 + NoICE + sdld,  page 90.
Hexadecimal  [32-Bits]

Area                                    Addr        Size        Decimal Bytes (Attributes)
--------------------------------        ----        ----        ------- ----- ------------
_INITIALIZED                        0000C161    000004C2 =        1218. bytes (REL,CON)

      Value  Global                              Global Defined In Module
      -----  --------------------------------   ------------------------
     0000C161  G$SpaceShipTiles$0_0$0             main
     0000C161  _SpaceShipTiles                    main
     0000C1D1  G$SpaceTiles$0_0$0                 main
     0000C1D1  _SpaceTiles                        main
     0000C221  G$SpaceMap$0_0$0                   main
     0000C221  _SpaceMap                          main
     0000C621  G$enemyUpdate$0_0$0                main
     0000C621  _enemyUpdate                       main
     0000C622  __map_tile_offset                  SetTileMap
ASxxxx Linker V03.00 + NoICE + sdld,  page 91.
Hexadecimal  [32-Bits]

Area                                    Addr        Size        Decimal Bytes (Attributes)
--------------------------------        ----        ----        ------- ----- ------------
_HRAM12                             00000000    00000003 =           3. bytes (ABS,CON)

      Value  Global                              Global Defined In Module
      -----  --------------------------------   ------------------------
     0000FF90  __current_bank                     Runtime
     0000FF92  __shadow_OAM_base                  Runtime

ASxxxx Linker V03.00 + NoICE + sdld,  page 92.

Files Linked                              [ module(s) ]

C:\gbdk-win64\gbdk\lib/gb/crt0.o          [ Runtime ]
C:\Users\sltam\AppData\Local\Temp/lcc74000.o
                                          [ main ]


Libraries Linked                          [ object file ]

C:\gbdk-win64\gbdk\lib/gb/gb.lib          [ sfr.o ]
C:\gbdk-win64\gbdk\lib/sm83/sm83.lib      [ mul.o ]
C:\gbdk-win64\gbdk\lib/gb/gb.lib          [ set_data.o ]
C:\gbdk-win64\gbdk\lib/sm83/sm83.lib      [ _divslong.o ]
C:\gbdk-win64\gbdk\lib/sm83/sm83.lib      [ _divulong.o ]
C:\gbdk-win64\gbdk\lib/gb/gb.lib          [ pad.o ]
C:\gbdk-win64\gbdk\lib/sm83/sm83.lib      [ _mullong.o ]
C:\gbdk-win64\gbdk\lib/gb/gb.lib          [ set_bk_t.o ]
C:\gbdk-win64\gbdk\lib/gb/gb.lib          [ set_xy_t.o ]

ASxxxx Linker V03.00 + NoICE + sdld,  page 93.

User Base Address Definitions

_DATA=0xC0A0
_CODE=0x0200
ASxxxx Linker V03.00 + NoICE + sdld,  page 94.

User Global Definitions

_shadow_OAM=0xC000
.STACK=0xE000
.refresh_OAM=0xFF80

